/Users/aniket/Documents/STM32Cube_FW_F4_V1.27.0/Drivers/CMSIS/Include/core_cm4.h:1688:22:__NVIC_EnableIRQ	16	static
../Src/uart.c:34:5:__io_putchar	16	static
../Src/uart.c:41:6:uart2_tx_init	8	static
../Src/uart.c:64:6:uart2_rxtx_init	8	static
../Src/uart.c:100:6:dma1_stream6_init	24	static
../Src/uart.c:150:6:uart2_rx_interrupt	8	static
../Src/uart.c:188:13:uart_set_baudrate	24	static
../Src/uart.c:193:17:compute_uart_bd	16	static
../Src/uart.c:198:6:uart2_read	4	static
../Src/uart.c:204:6:uart2_write	16	static
