16:40:28 **** Build of configuration Debug for project Project5_uart_rx ****
make -j7 all 
arm-none-eabi-gcc "../Src/uart.c" -mcpu=cortex-m4 -std=gnu11 -g3 -DDEBUG -DSTM32 -DSTM32F4 -DSTM32F411RETx -DSTM32F411xE -c -I../Inc -I/Users/aniket/Documents/STM32Cube_FW_F4_V1.27.0/Drivers/CMSIS/Device/ST/STM32F4xx/Include -I/Users/aniket/Documents/STM32Cube_FW_F4_V1.27.0/Drivers/CMSIS/Include -O0 -ffunction-sections -fdata-sections -Wall -fstack-usage -MMD -MP -MF"Src/uart.d" -MT"Src/uart.o" --specs=nano.specs -mfpu=fpv4-sp-d16 -mfloat-abi=hard -mthumb -o "Src/uart.o"
arm-none-eabi-gcc -o "Project5_uart_rx.elf" @"objects.list"   -mcpu=cortex-m4 -T"/Users/aniket/STM32CubeIDE/workspace_1.10.1/Project5_uart_rx/STM32F411RETX_FLASH.ld" --specs=nosys.specs -Wl,-Map="Project5_uart_rx.map" -Wl,--gc-sections -static --specs=nano.specs -mfpu=fpv4-sp-d16 -mfloat-abi=hard -mthumb -Wl,--start-group -lc -lm -Wl,--end-group
Finished building target: Project5_uart_rx.elf
 
arm-none-eabi-size   Project5_uart_rx.elf 
arm-none-eabi-objdump -h -S  Project5_uart_rx.elf  > "Project5_uart_rx.list"
   text	   data	    bss	    dec	    hex	filename
   5532	    108	   1588	   7228	   1c3c	Project5_uart_rx.elf
Finished building: default.size.stdout
 
Finished building: Project5_uart_rx.list
 

16:40:29 Build Finished. 0 errors, 0 warnings. (took 784ms)

