10:53:51 **** Incremental Build of configuration Debug for project Project4 ****
make -j7 all 
arm-none-eabi-gcc "../Src/main.c" -mcpu=cortex-m4 -std=gnu11 -g3 -DDEBUG -DSTM32 -DSTM32F4 -DSTM32F411RETx -DSTM32F411xE -c -I../Inc -I/Users/aniket/Documents/STM32Cube_FW_F4_V1.27.0/Drivers/CMSIS/Device/ST/STM32F4xx/Include -I/Users/aniket/Documents/STM32Cube_FW_F4_V1.27.0/Drivers/CMSIS/Include -O0 -ffunction-sections -fdata-sections -Wall -fstack-usage -MMD -MP -MF"Src/main.d" -MT"Src/main.o" --specs=nano.specs -mfpu=fpv4-sp-d16 -mfloat-abi=hard -mthumb -o "Src/main.o"
arm-none-eabi-gcc -o "Project4.elf" @"objects.list"   -mcpu=cortex-m4 -T"/Users/aniket/STM32CubeIDE/workspace_1.10.1/Project4/STM32F411RETX_FLASH.ld" --specs=nosys.specs -Wl,-Map="Project4.map" -Wl,--gc-sections -static --specs=nano.specs -mfpu=fpv4-sp-d16 -mfloat-abi=hard -mthumb -Wl,--start-group -lc -lm -Wl,--end-group
Finished building target: Project4.elf
 
arm-none-eabi-size   Project4.elf 
arm-none-eabi-objdump -h -S  Project4.elf  > "Project4.list"
   text	   data	    bss	    dec	    hex	filename
    768	      8	   1568	   2344	    928	Project4.elf
Finished building: default.size.stdout
 
Finished building: Project4.list
 

10:53:52 Build Finished. 0 errors, 0 warnings. (took 1s.8ms)

