18:16:55 **** Incremental Build of configuration Debug for project Project5_uart_tx3_modular ****
make -j7 all 
arm-none-eabi-gcc "../Src/main.c" -mcpu=cortex-m4 -std=gnu11 -g3 -DDEBUG -DSTM32 -DSTM32F4 -DSTM32F411RETx -DSTM32F411xE -c -I../Inc -I/Users/aniket/Documents/STM32Cube_FW_F4_V1.27.0/Drivers/CMSIS/Device/ST/STM32F4xx/Include -I/Users/aniket/Documents/STM32Cube_FW_F4_V1.27.0/Drivers/CMSIS/Include -O0 -ffunction-sections -fdata-sections -Wall -fstack-usage -MMD -MP -MF"Src/main.d" -MT"Src/main.o" --specs=nano.specs -mfpu=fpv4-sp-d16 -mfloat-abi=hard -mthumb -o "Src/main.o"
arm-none-eabi-gcc -o "Project5_uart_tx3_modular.elf" @"objects.list"   -mcpu=cortex-m4 -T"/Users/aniket/STM32CubeIDE/workspace_1.10.1/Project5_uart_tx3_modular/STM32F411RETX_FLASH.ld" --specs=nosys.specs -Wl,-Map="Project5_uart_tx3_modular.map" -Wl,--gc-sections -static --specs=nano.specs -mfpu=fpv4-sp-d16 -mfloat-abi=hard -mthumb -Wl,--start-group -lc -lm -Wl,--end-group
Finished building target: Project5_uart_tx3_modular.elf
 
arm-none-eabi-size   Project5_uart_tx3_modular.elf 
arm-none-eabi-objdump -h -S  Project5_uart_tx3_modular.elf  > "Project5_uart_tx3_modular.list"
   text	   data	    bss	    dec	    hex	filename
   1096	      8	   1568	   2672	    a70	Project5_uart_tx3_modular.elf
Finished building: default.size.stdout
 
Finished building: Project5_uart_tx3_modular.list
 

18:16:56 Build Finished. 0 errors, 0 warnings. (took 642ms)

