11:10:35 **** Incremental Build of configuration Debug for project Project2 ****
make -j7 all 
arm-none-eabi-gcc "../Src/main.c" -mcpu=cortex-m4 -std=gnu11 -g3 -DDEBUG -DSTM32 -DSTM32F4 -DSTM32F411RETx -c -I../Inc -O0 -ffunction-sections -fdata-sections -Wall -fstack-usage -MMD -MP -MF"Src/main.d" -MT"Src/main.o" --specs=nano.specs -mfpu=fpv4-sp-d16 -mfloat-abi=hard -mthumb -o "Src/main.o"
arm-none-eabi-gcc -o "Project2.elf" @"objects.list"   -mcpu=cortex-m4 -T"/Users/aniket/STM32CubeIDE/workspace_1.10.1/Project2/STM32F411RETX_FLASH.ld" --specs=nosys.specs -Wl,-Map="Project2.map" -Wl,--gc-sections -static --specs=nano.specs -mfpu=fpv4-sp-d16 -mfloat-abi=hard -mthumb -Wl,--start-group -lc -lm -Wl,--end-group
Finished building target: Project2.elf
 
arm-none-eabi-size   Project2.elf 
arm-none-eabi-objdump -h -S  Project2.elf  > "Project2.list"
   text	   data	    bss	    dec	    hex	filename
    724	      8	   1568	   2300	    8fc	Project2.elf
Finished building: default.size.stdout
 
Finished building: Project2.list
 

11:10:35 Build Finished. 0 errors, 0 warnings. (took 484ms)

